Component: ARM Compiler 5.06 update 6 (build 750) Tool: armlink [4d35ed]

==============================================================================

Section Cross References

    startup_stm32f10x_hd.o(RESET) refers to startup_stm32f10x_hd.o(STACK) for __initial_sp
    startup_stm32f10x_hd.o(RESET) refers to startup_stm32f10x_hd.o(.text) for Reset_Handler
    startup_stm32f10x_hd.o(RESET) refers to stm32f10x_it.o(.text) for NMI_Handler
    startup_stm32f10x_hd.o(RESET) refers to port.o(.emb_text) for SVC_Handler
    startup_stm32f10x_hd.o(RESET) refers to bsp_usart.o(.text) for USART1_IRQHandler
    startup_stm32f10x_hd.o(.text) refers to system_stm32f10x.o(.text) for SystemInit
    startup_stm32f10x_hd.o(.text) refers to entry.o(.ARM.Collect$$$$00000000) for __main
    system_stm32f10x.o(.text) refers to system_stm32f10x.o(.data) for SystemCoreClock
    stm32f10x_adc.o(.text) refers to stm32f10x_rcc.o(.text) for RCC_APB2PeriphResetCmd
    stm32f10x_bkp.o(.text) refers to stm32f10x_rcc.o(.text) for RCC_BackupResetCmd
    stm32f10x_can.o(.text) refers to stm32f10x_rcc.o(.text) for RCC_APB1PeriphResetCmd
    stm32f10x_cec.o(.text) refers to stm32f10x_rcc.o(.text) for RCC_APB1PeriphResetCmd
    stm32f10x_dac.o(.text) refers to stm32f10x_rcc.o(.text) for RCC_APB1PeriphResetCmd
    stm32f10x_gpio.o(.text) refers to stm32f10x_rcc.o(.text) for RCC_APB2PeriphResetCmd
    stm32f10x_i2c.o(.text) refers to stm32f10x_rcc.o(.text) for RCC_APB1PeriphResetCmd
    stm32f10x_pwr.o(.text) refers to stm32f10x_rcc.o(.text) for RCC_APB1PeriphResetCmd
    stm32f10x_rcc.o(.text) refers to stm32f10x_rcc.o(.data) for APBAHBPrescTable
    stm32f10x_spi.o(.text) refers to stm32f10x_rcc.o(.text) for RCC_APB2PeriphResetCmd
    stm32f10x_tim.o(.text) refers to stm32f10x_rcc.o(.text) for RCC_APB2PeriphResetCmd
    stm32f10x_usart.o(.text) refers to stm32f10x_rcc.o(.text) for RCC_APB2PeriphResetCmd
    stm32f10x_wwdg.o(.text) refers to stm32f10x_rcc.o(.text) for RCC_APB1PeriphResetCmd
    main.o(.text) refers to stm32f10x_gpio.o(.text) for GPIO_ReadInputDataBit
    main.o(.text) refers to printf5.o(i.__0printf$5) for __2printf
    main.o(.text) refers to queue.o(.text) for xQueueGenericSend
    main.o(.text) refers to tasks.o(.text) for vTaskDelay
    main.o(.text) refers to port.o(.text) for vPortEnterCritical
    main.o(.text) refers to board.o(.text) for board_init
    main.o(.text) refers to main.o(.constdata) for .constdata
    main.o(.text) refers to main.o(.data) for Test_Queue
    board.o(.text) refers to misc.o(.text) for NVIC_PriorityGroupConfig
    board.o(.text) refers to bsp_usart.o(.text) for USART1_Init_Config
    board.o(.text) refers to bsp_gpio.o(.text) for GPIO_Config
    stm32f10x_it.o(.text) refers to tasks.o(.text) for xTaskGetSchedulerState
    stm32f10x_it.o(.text) refers to port.o(.text) for xPortSysTickHandler
    bsp_usart.o(.text) refers to misc.o(.text) for NVIC_Init
    bsp_usart.o(.text) refers to stm32f10x_rcc.o(.text) for RCC_APB2PeriphClockCmd
    bsp_usart.o(.text) refers to stm32f10x_gpio.o(.text) for GPIO_Init
    bsp_usart.o(.text) refers to stm32f10x_usart.o(.text) for USART_Init
    bsp_printf.o(.text) refers to stm32f10x_usart.o(.text) for USART_SendData
    bsp_gpio.o(.text) refers to stm32f10x_rcc.o(.text) for RCC_APB2PeriphClockCmd
    bsp_gpio.o(.text) refers to stm32f10x_gpio.o(.text) for GPIO_Init
    event_groups.o(.text) refers to heap_4.o(.text) for pvPortMalloc
    event_groups.o(.text) refers to list.o(.text) for vListInitialise
    event_groups.o(.text) refers to printf5.o(i.__0printf$5) for __2printf
    event_groups.o(.text) refers to tasks.o(.text) for vTaskSuspendAll
    event_groups.o(.text) refers to port.o(.text) for vPortEnterCritical
    queue.o(.text) refers to printf5.o(i.__0printf$5) for __2printf
    queue.o(.text) refers to port.o(.text) for vPortEnterCritical
    queue.o(.text) refers to tasks.o(.text) for xTaskRemoveFromEventList
    queue.o(.text) refers to list.o(.text) for vListInitialise
    queue.o(.text) refers to heap_4.o(.text) for pvPortMalloc
    queue.o(.text) refers to memcpya.o(.text) for __aeabi_memcpy
    queue.o(.text) refers to queue.o(.bss) for xQueueRegistry
    stream_buffer.o(.text) refers to memseta.o(.text) for memset
    stream_buffer.o(.text) refers to printf5.o(i.__0printf$5) for __2printf
    stream_buffer.o(.text) refers to heap_4.o(.text) for pvPortMalloc
    stream_buffer.o(.text) refers to port.o(.text) for vPortEnterCritical
    stream_buffer.o(.text) refers to memcpya.o(.text) for __aeabi_memcpy
    stream_buffer.o(.text) refers to tasks.o(.text) for vTaskSetTimeOutState
    tasks.o(.text) refers to list.o(.text) for vListInitialise
    tasks.o(.text) refers to port.o(.text) for vPortEnterCritical
    tasks.o(.text) refers to printf5.o(i.__0printf$5) for __2printf
    tasks.o(.text) refers to heap_4.o(.text) for pvPortMalloc
    tasks.o(.text) refers to tasks.o(.bss) for pxReadyTasksLists
    tasks.o(.text) refers to tasks.o(.data) for pxDelayedTaskList
    port.o(.emb_text) refers to tasks.o(.text) for vTaskSwitchContext
    port.o(.emb_text) refers to tasks.o(.data) for pxCurrentTCB
    port.o(.text) refers to printf5.o(i.__0printf$5) for __2printf
    port.o(.text) refers to port.o(.emb_text) for __asm___6_port_c_39a90d8d__prvStartFirstTask
    port.o(.text) refers to tasks.o(.text) for xTaskIncrementTick
    port.o(.text) refers to port.o(.data) for uxCriticalNesting
    port.o(.text) refers to system_stm32f10x.o(.data) for SystemCoreClock
    heap_4.o(.text) refers to tasks.o(.text) for vTaskSuspendAll
    heap_4.o(.text) refers to printf5.o(i.__0printf$5) for __2printf
    heap_4.o(.text) refers to port.o(.text) for vPortEnterCritical
    heap_4.o(.text) refers to heap_4.o(.data) for xStart
    heap_4.o(.text) refers to heap_4.o(.bss) for ucHeap
    entry.o(.ARM.Collect$$$$00000000) refers (Special) to entry10a.o(.ARM.Collect$$$$0000000D) for __rt_final_cpp
    entry.o(.ARM.Collect$$$$00000000) refers (Special) to entry11a.o(.ARM.Collect$$$$0000000F) for __rt_final_exit
    entry.o(.ARM.Collect$$$$00000000) refers (Special) to entry7b.o(.ARM.Collect$$$$00000008) for _main_clock
    entry.o(.ARM.Collect$$$$00000000) refers (Special) to entry8b.o(.ARM.Collect$$$$0000000A) for _main_cpp_init
    entry.o(.ARM.Collect$$$$00000000) refers (Special) to entry9a.o(.ARM.Collect$$$$0000000B) for _main_init
    entry.o(.ARM.Collect$$$$00000000) refers (Special) to entry5.o(.ARM.Collect$$$$00000004) for _main_scatterload
    entry.o(.ARM.Collect$$$$00000000) refers (Special) to entry2.o(.ARM.Collect$$$$00000001) for _main_stk
    printfb.o(i.__0fprintf$bare) refers to printfb.o(i._printf_core) for _printf_core
    printfb.o(i.__0fprintf$bare) refers to bsp_printf.o(.text) for fputc
    printfb.o(i.__0printf$bare) refers to printfb.o(i._printf_core) for _printf_core
    printfb.o(i.__0printf$bare) refers to bsp_printf.o(.text) for fputc
    printfb.o(i.__0printf$bare) refers to stdout.o(.data) for __stdout
    printfb.o(i.__0snprintf$bare) refers to printfb.o(i._printf_core) for _printf_core
    printfb.o(i.__0snprintf$bare) refers to printfb.o(i._snputc) for _snputc
    printfb.o(i.__0sprintf$bare) refers to printfb.o(i._printf_core) for _printf_core
    printfb.o(i.__0sprintf$bare) refers to printfb.o(i._sputc) for _sputc
    printfb.o(i.__0vfprintf$bare) refers to printfb.o(i._printf_core) for _printf_core
    printfb.o(i.__0vfprintf$bare) refers to bsp_printf.o(.text) for fputc
    printfb.o(i.__0vprintf$bare) refers to printfb.o(i._printf_core) for _printf_core
    printfb.o(i.__0vprintf$bare) refers to bsp_printf.o(.text) for fputc
    printfb.o(i.__0vprintf$bare) refers to stdout.o(.data) for __stdout
    printfb.o(i.__0vsnprintf$bare) refers to printfb.o(i._printf_core) for _printf_core
    printfb.o(i.__0vsnprintf$bare) refers to printfb.o(i._snputc) for _snputc
    printfb.o(i.__0vsprintf$bare) refers to printfb.o(i._printf_core) for _printf_core
    printfb.o(i.__0vsprintf$bare) refers to printfb.o(i._sputc) for _sputc
    printf0.o(i.__0fprintf$0) refers to printf0.o(i._printf_core) for _printf_core
    printf0.o(i.__0fprintf$0) refers to bsp_printf.o(.text) for fputc
    printf0.o(i.__0printf$0) refers to printf0.o(i._printf_core) for _printf_core
    printf0.o(i.__0printf$0) refers to bsp_printf.o(.text) for fputc
    printf0.o(i.__0printf$0) refers to stdout.o(.data) for __stdout
    printf0.o(i.__0snprintf$0) refers to printf0.o(i._printf_core) for _printf_core
    printf0.o(i.__0snprintf$0) refers to printf0.o(i._snputc) for _snputc
    printf0.o(i.__0sprintf$0) refers to printf0.o(i._printf_core) for _printf_core
    printf0.o(i.__0sprintf$0) refers to printf0.o(i._sputc) for _sputc
    printf0.o(i.__0vfprintf$0) refers to printf0.o(i._printf_core) for _printf_core
    printf0.o(i.__0vfprintf$0) refers to bsp_printf.o(.text) for fputc
    printf0.o(i.__0vprintf$0) refers to printf0.o(i._printf_core) for _printf_core
    printf0.o(i.__0vprintf$0) refers to bsp_printf.o(.text) for fputc
    printf0.o(i.__0vprintf$0) refers to stdout.o(.data) for __stdout
    printf0.o(i.__0vsnprintf$0) refers to printf0.o(i._printf_core) for _printf_core
    printf0.o(i.__0vsnprintf$0) refers to printf0.o(i._snputc) for _snputc
    printf0.o(i.__0vsprintf$0) refers to printf0.o(i._printf_core) for _printf_core
    printf0.o(i.__0vsprintf$0) refers to printf0.o(i._sputc) for _sputc
    printf1.o(i.__0fprintf$1) refers to printf1.o(i._printf_core) for _printf_core
    printf1.o(i.__0fprintf$1) refers to bsp_printf.o(.text) for fputc
    printf1.o(i.__0printf$1) refers to printf1.o(i._printf_core) for _printf_core
    printf1.o(i.__0printf$1) refers to bsp_printf.o(.text) for fputc
    printf1.o(i.__0printf$1) refers to stdout.o(.data) for __stdout
    printf1.o(i.__0snprintf$1) refers to printf1.o(i._printf_core) for _printf_core
    printf1.o(i.__0snprintf$1) refers to printf1.o(i._snputc) for _snputc
    printf1.o(i.__0sprintf$1) refers to printf1.o(i._printf_core) for _printf_core
    printf1.o(i.__0sprintf$1) refers to printf1.o(i._sputc) for _sputc
    printf1.o(i.__0vfprintf$1) refers to printf1.o(i._printf_core) for _printf_core
    printf1.o(i.__0vfprintf$1) refers to bsp_printf.o(.text) for fputc
    printf1.o(i.__0vprintf$1) refers to printf1.o(i._printf_core) for _printf_core
    printf1.o(i.__0vprintf$1) refers to bsp_printf.o(.text) for fputc
    printf1.o(i.__0vprintf$1) refers to stdout.o(.data) for __stdout
    printf1.o(i.__0vsnprintf$1) refers to printf1.o(i._printf_core) for _printf_core
    printf1.o(i.__0vsnprintf$1) refers to printf1.o(i._snputc) for _snputc
    printf1.o(i.__0vsprintf$1) refers to printf1.o(i._printf_core) for _printf_core
    printf1.o(i.__0vsprintf$1) refers to printf1.o(i._sputc) for _sputc
    printf1.o(i._printf_core) refers to uidiv.o(.text) for __aeabi_uidivmod
    printf2.o(i.__0fprintf$2) refers to printf2.o(i._printf_core) for _printf_core
    printf2.o(i.__0fprintf$2) refers to bsp_printf.o(.text) for fputc
    printf2.o(i.__0printf$2) refers to printf2.o(i._printf_core) for _printf_core
    printf2.o(i.__0printf$2) refers to bsp_printf.o(.text) for fputc
    printf2.o(i.__0printf$2) refers to stdout.o(.data) for __stdout
    printf2.o(i.__0snprintf$2) refers to printf2.o(i._printf_core) for _printf_core
    printf2.o(i.__0snprintf$2) refers to printf2.o(i._snputc) for _snputc
    printf2.o(i.__0sprintf$2) refers to printf2.o(i._printf_core) for _printf_core
    printf2.o(i.__0sprintf$2) refers to printf2.o(i._sputc) for _sputc
    printf2.o(i.__0vfprintf$2) refers to printf2.o(i._printf_core) for _printf_core
    printf2.o(i.__0vfprintf$2) refers to bsp_printf.o(.text) for fputc
    printf2.o(i.__0vprintf$2) refers to printf2.o(i._printf_core) for _printf_core
    printf2.o(i.__0vprintf$2) refers to bsp_printf.o(.text) for fputc
    printf2.o(i.__0vprintf$2) refers to stdout.o(.data) for __stdout
    printf2.o(i.__0vsnprintf$2) refers to printf2.o(i._printf_core) for _printf_core
    printf2.o(i.__0vsnprintf$2) refers to printf2.o(i._snputc) for _snputc
    printf2.o(i.__0vsprintf$2) refers to printf2.o(i._printf_core) for _printf_core
    printf2.o(i.__0vsprintf$2) refers to printf2.o(i._sputc) for _sputc
    printf3.o(i.__0fprintf$3) refers to printf3.o(i._printf_core) for _printf_core
    printf3.o(i.__0fprintf$3) refers to bsp_printf.o(.text) for fputc
    printf3.o(i.__0printf$3) refers to printf3.o(i._printf_core) for _printf_core
    printf3.o(i.__0printf$3) refers to bsp_printf.o(.text) for fputc
    printf3.o(i.__0printf$3) refers to stdout.o(.data) for __stdout
    printf3.o(i.__0snprintf$3) refers to printf3.o(i._printf_core) for _printf_core
    printf3.o(i.__0snprintf$3) refers to printf3.o(i._snputc) for _snputc
    printf3.o(i.__0sprintf$3) refers to printf3.o(i._printf_core) for _printf_core
    printf3.o(i.__0sprintf$3) refers to printf3.o(i._sputc) for _sputc
    printf3.o(i.__0vfprintf$3) refers to printf3.o(i._printf_core) for _printf_core
    printf3.o(i.__0vfprintf$3) refers to bsp_printf.o(.text) for fputc
    printf3.o(i.__0vprintf$3) refers to printf3.o(i._printf_core) for _printf_core
    printf3.o(i.__0vprintf$3) refers to bsp_printf.o(.text) for fputc
    printf3.o(i.__0vprintf$3) refers to stdout.o(.data) for __stdout
    printf3.o(i.__0vsnprintf$3) refers to printf3.o(i._printf_core) for _printf_core
    printf3.o(i.__0vsnprintf$3) refers to printf3.o(i._snputc) for _snputc
    printf3.o(i.__0vsprintf$3) refers to printf3.o(i._printf_core) for _printf_core
    printf3.o(i.__0vsprintf$3) refers to printf3.o(i._sputc) for _sputc
    printf3.o(i._printf_core) refers to uidiv.o(.text) for __aeabi_uidivmod
    printf4.o(i.__0fprintf$4) refers to printf4.o(i._printf_core) for _printf_core
    printf4.o(i.__0fprintf$4) refers to bsp_printf.o(.text) for fputc
    printf4.o(i.__0printf$4) refers to printf4.o(i._printf_core) for _printf_core
    printf4.o(i.__0printf$4) refers to bsp_printf.o(.text) for fputc
    printf4.o(i.__0printf$4) refers to stdout.o(.data) for __stdout
    printf4.o(i.__0snprintf$4) refers to printf4.o(i._printf_core) for _printf_core
    printf4.o(i.__0snprintf$4) refers to printf4.o(i._snputc) for _snputc
    printf4.o(i.__0sprintf$4) refers to printf4.o(i._printf_core) for _printf_core
    printf4.o(i.__0sprintf$4) refers to printf4.o(i._sputc) for _sputc
    printf4.o(i.__0vfprintf$4) refers to printf4.o(i._printf_core) for _printf_core
    printf4.o(i.__0vfprintf$4) refers to bsp_printf.o(.text) for fputc
    printf4.o(i.__0vprintf$4) refers to printf4.o(i._printf_core) for _printf_core
    printf4.o(i.__0vprintf$4) refers to bsp_printf.o(.text) for fputc
    printf4.o(i.__0vprintf$4) refers to stdout.o(.data) for __stdout
    printf4.o(i.__0vsnprintf$4) refers to printf4.o(i._printf_core) for _printf_core
    printf4.o(i.__0vsnprintf$4) refers to printf4.o(i._snputc) for _snputc
    printf4.o(i.__0vsprintf$4) refers to printf4.o(i._printf_core) for _printf_core
    printf4.o(i.__0vsprintf$4) refers to printf4.o(i._sputc) for _sputc
    printf4.o(i._printf_core) refers to uldiv.o(.text) for __aeabi_uldivmod
    printf5.o(i.__0fprintf$5) refers to printf5.o(i._printf_core) for _printf_core
    printf5.o(i.__0fprintf$5) refers to bsp_printf.o(.text) for fputc
    printf5.o(i.__0printf$5) refers to printf5.o(i._printf_core) for _printf_core
    printf5.o(i.__0printf$5) refers to bsp_printf.o(.text) for fputc
    printf5.o(i.__0printf$5) refers to stdout.o(.data) for __stdout
    printf5.o(i.__0snprintf$5) refers to printf5.o(i._printf_core) for _printf_core
    printf5.o(i.__0snprintf$5) refers to printf5.o(i._snputc) for _snputc
    printf5.o(i.__0sprintf$5) refers to printf5.o(i._printf_core) for _printf_core
    printf5.o(i.__0sprintf$5) refers to printf5.o(i._sputc) for _sputc
    printf5.o(i.__0vfprintf$5) refers to printf5.o(i._printf_core) for _printf_core
    printf5.o(i.__0vfprintf$5) refers to bsp_printf.o(.text) for fputc
    printf5.o(i.__0vprintf$5) refers to printf5.o(i._printf_core) for _printf_core
    printf5.o(i.__0vprintf$5) refers to bsp_printf.o(.text) for fputc
    printf5.o(i.__0vprintf$5) refers to stdout.o(.data) for __stdout
    printf5.o(i.__0vsnprintf$5) refers to printf5.o(i._printf_core) for _printf_core
    printf5.o(i.__0vsnprintf$5) refers to printf5.o(i._snputc) for _snputc
    printf5.o(i.__0vsprintf$5) refers to printf5.o(i._printf_core) for _printf_core
    printf5.o(i.__0vsprintf$5) refers to printf5.o(i._sputc) for _sputc
    printf5.o(i._printf_core) refers to uldiv.o(.text) for __aeabi_uldivmod
    printf6.o(i.__0fprintf$6) refers to printf6.o(i._printf_core) for _printf_core
    printf6.o(i.__0fprintf$6) refers to bsp_printf.o(.text) for fputc
    printf6.o(i.__0printf$6) refers to printf6.o(i._printf_core) for _printf_core
    printf6.o(i.__0printf$6) refers to bsp_printf.o(.text) for fputc
    printf6.o(i.__0printf$6) refers to stdout.o(.data) for __stdout
    printf6.o(i.__0snprintf$6) refers to printf6.o(i._printf_core) for _printf_core
    printf6.o(i.__0snprintf$6) refers to printf6.o(i._snputc) for _snputc
    printf6.o(i.__0sprintf$6) refers to printf6.o(i._printf_core) for _printf_core
    printf6.o(i.__0sprintf$6) refers to printf6.o(i._sputc) for _sputc
    printf6.o(i.__0vfprintf$6) refers to printf6.o(i._printf_core) for _printf_core
    printf6.o(i.__0vfprintf$6) refers to bsp_printf.o(.text) for fputc
    printf6.o(i.__0vprintf$6) refers to printf6.o(i._printf_core) for _printf_core
    printf6.o(i.__0vprintf$6) refers to bsp_printf.o(.text) for fputc
    printf6.o(i.__0vprintf$6) refers to stdout.o(.data) for __stdout
    printf6.o(i.__0vsnprintf$6) refers to printf6.o(i._printf_core) for _printf_core
    printf6.o(i.__0vsnprintf$6) refers to printf6.o(i._snputc) for _snputc
    printf6.o(i.__0vsprintf$6) refers to printf6.o(i._printf_core) for _printf_core
    printf6.o(i.__0vsprintf$6) refers to printf6.o(i._sputc) for _sputc
    printf6.o(i._printf_core) refers to printf6.o(i._printf_pre_padding) for _printf_pre_padding
    printf6.o(i._printf_core) refers to uidiv.o(.text) for __aeabi_uidivmod
    printf6.o(i._printf_core) refers to printf6.o(i._printf_post_padding) for _printf_post_padding
    printf7.o(i.__0fprintf$7) refers to printf7.o(i._printf_core) for _printf_core
    printf7.o(i.__0fprintf$7) refers to bsp_printf.o(.text) for fputc
    printf7.o(i.__0printf$7) refers to printf7.o(i._printf_core) for _printf_core
    printf7.o(i.__0printf$7) refers to bsp_printf.o(.text) for fputc
    printf7.o(i.__0printf$7) refers to stdout.o(.data) for __stdout
    printf7.o(i.__0snprintf$7) refers to printf7.o(i._printf_core) for _printf_core
    printf7.o(i.__0snprintf$7) refers to printf7.o(i._snputc) for _snputc
    printf7.o(i.__0sprintf$7) refers to printf7.o(i._printf_core) for _printf_core
    printf7.o(i.__0sprintf$7) refers to printf7.o(i._sputc) for _sputc
    printf7.o(i.__0vfprintf$7) refers to printf7.o(i._printf_core) for _printf_core
    printf7.o(i.__0vfprintf$7) refers to bsp_printf.o(.text) for fputc
    printf7.o(i.__0vprintf$7) refers to printf7.o(i._printf_core) for _printf_core
    printf7.o(i.__0vprintf$7) refers to bsp_printf.o(.text) for fputc
    printf7.o(i.__0vprintf$7) refers to stdout.o(.data) for __stdout
    printf7.o(i.__0vsnprintf$7) refers to printf7.o(i._printf_core) for _printf_core
    printf7.o(i.__0vsnprintf$7) refers to printf7.o(i._snputc) for _snputc
    printf7.o(i.__0vsprintf$7) refers to printf7.o(i._printf_core) for _printf_core
    printf7.o(i.__0vsprintf$7) refers to printf7.o(i._sputc) for _sputc
    printf7.o(i._printf_core) refers to printf7.o(i._printf_pre_padding) for _printf_pre_padding
    printf7.o(i._printf_core) refers to uldiv.o(.text) for __aeabi_uldivmod
    printf7.o(i._printf_core) refers to printf7.o(i._printf_post_padding) for _printf_post_padding
    printf8.o(i.__0fprintf$8) refers to printf8.o(i._printf_core) for _printf_core
    printf8.o(i.__0fprintf$8) refers to bsp_printf.o(.text) for fputc
    printf8.o(i.__0printf$8) refers to printf8.o(i._printf_core) for _printf_core
    printf8.o(i.__0printf$8) refers to bsp_printf.o(.text) for fputc
    printf8.o(i.__0printf$8) refers to stdout.o(.data) for __stdout
    printf8.o(i.__0snprintf$8) refers to printf8.o(i._printf_core) for _printf_core
    printf8.o(i.__0snprintf$8) refers to printf8.o(i._snputc) for _snputc
    printf8.o(i.__0sprintf$8) refers to printf8.o(i._printf_core) for _printf_core
    printf8.o(i.__0sprintf$8) refers to printf8.o(i._sputc) for _sputc
    printf8.o(i.__0vfprintf$8) refers to printf8.o(i._printf_core) for _printf_core
    printf8.o(i.__0vfprintf$8) refers to bsp_printf.o(.text) for fputc
    printf8.o(i.__0vprintf$8) refers to printf8.o(i._printf_core) for _printf_core
    printf8.o(i.__0vprintf$8) refers to bsp_printf.o(.text) for fputc
    printf8.o(i.__0vprintf$8) refers to stdout.o(.data) for __stdout
    printf8.o(i.__0vsnprintf$8) refers to printf8.o(i._printf_core) for _printf_core
    printf8.o(i.__0vsnprintf$8) refers to printf8.o(i._snputc) for _snputc
    printf8.o(i.__0vsprintf$8) refers to printf8.o(i._printf_core) for _printf_core
    printf8.o(i.__0vsprintf$8) refers to printf8.o(i._sputc) for _sputc
    printf8.o(i._printf_core) refers to printf8.o(i._printf_pre_padding) for _printf_pre_padding
    printf8.o(i._printf_core) refers to uldiv.o(.text) for __aeabi_uldivmod
    printf8.o(i._printf_core) refers to printf8.o(i._printf_post_padding) for _printf_post_padding
    printfa.o(i.__0fprintf) refers (Special) to iusefp.o(.text) for __I$use$fp
    printfa.o(i.__0fprintf) refers to printfa.o(i._printf_core) for _printf_core
    printfa.o(i.__0fprintf) refers to bsp_printf.o(.text) for fputc
    printfa.o(i.__0printf) refers (Special) to iusefp.o(.text) for __I$use$fp
    printfa.o(i.__0printf) refers to printfa.o(i._printf_core) for _printf_core
    printfa.o(i.__0printf) refers to bsp_printf.o(.text) for fputc
    printfa.o(i.__0printf) refers to stdout.o(.data) for __stdout
    printfa.o(i.__0snprintf) refers (Special) to iusefp.o(.text) for __I$use$fp
    printfa.o(i.__0snprintf) refers to printfa.o(i._printf_core) for _printf_core
    printfa.o(i.__0snprintf) refers to printfa.o(i._snputc) for _snputc
    printfa.o(i.__0sprintf) refers (Special) to iusefp.o(.text) for __I$use$fp
    printfa.o(i.__0sprintf) refers to printfa.o(i._printf_core) for _printf_core
    printfa.o(i.__0sprintf) refers to printfa.o(i._sputc) for _sputc
    printfa.o(i.__0vfprintf) refers (Special) to iusefp.o(.text) for __I$use$fp
    printfa.o(i.__0vfprintf) refers to printfa.o(i._printf_core) for _printf_core
    printfa.o(i.__0vfprintf) refers to bsp_printf.o(.text) for fputc
    printfa.o(i.__0vprintf) refers (Special) to iusefp.o(.text) for __I$use$fp
    printfa.o(i.__0vprintf) refers to printfa.o(i._printf_core) for _printf_core
    printfa.o(i.__0vprintf) refers to bsp_printf.o(.text) for fputc
    printfa.o(i.__0vprintf) refers to stdout.o(.data) for __stdout
    printfa.o(i.__0vsnprintf) refers (Special) to iusefp.o(.text) for __I$use$fp
    printfa.o(i.__0vsnprintf) refers to printfa.o(i._printf_core) for _printf_core
    printfa.o(i.__0vsnprintf) refers to printfa.o(i._snputc) for _snputc
    printfa.o(i.__0vsprintf) refers (Special) to iusefp.o(.text) for __I$use$fp
    printfa.o(i.__0vsprintf) refers to printfa.o(i._printf_core) for _printf_core
    printfa.o(i.__0vsprintf) refers to printfa.o(i._sputc) for _sputc
    printfa.o(i._fp_digits) refers (Special) to iusefp.o(.text) for __I$use$fp
    printfa.o(i._fp_digits) refers to dmul.o(.text) for __aeabi_dmul
    printfa.o(i._fp_digits) refers to ddiv.o(.text) for __aeabi_ddiv
    printfa.o(i._fp_digits) refers to cdrcmple.o(.text) for __aeabi_cdrcmple
    printfa.o(i._fp_digits) refers to dadd.o(.text) for __aeabi_dadd
    printfa.o(i._fp_digits) refers to dfixul.o(.text) for __aeabi_d2ulz
    printfa.o(i._fp_digits) refers to uldiv.o(.text) for __aeabi_uldivmod
    printfa.o(i._printf_core) refers (Special) to iusefp.o(.text) for __I$use$fp
    printfa.o(i._printf_core) refers to printfa.o(i._printf_pre_padding) for _printf_pre_padding
    printfa.o(i._printf_core) refers to uldiv.o(.text) for __aeabi_uldivmod
    printfa.o(i._printf_core) refers to printfa.o(i._printf_post_padding) for _printf_post_padding
    printfa.o(i._printf_core) refers to printfa.o(i._fp_digits) for _fp_digits
    printfa.o(i._printf_core) refers to uidiv.o(.text) for __aeabi_uidivmod
    printfa.o(i._printf_post_padding) refers (Special) to iusefp.o(.text) for __I$use$fp
    printfa.o(i._printf_pre_padding) refers (Special) to iusefp.o(.text) for __I$use$fp
    printfa.o(i._snputc) refers (Special) to iusefp.o(.text) for __I$use$fp
    printfa.o(i._sputc) refers (Special) to iusefp.o(.text) for __I$use$fp
    entry2.o(.ARM.Collect$$$$00000001) refers to entry2.o(.ARM.Collect$$$$00002712) for __lit__00000000
    entry2.o(.ARM.Collect$$$$00002712) refers to startup_stm32f10x_hd.o(STACK) for __initial_sp
    entry2.o(__vectab_stack_and_reset_area) refers to startup_stm32f10x_hd.o(STACK) for __initial_sp
    entry2.o(__vectab_stack_and_reset_area) refers to entry.o(.ARM.Collect$$$$00000000) for __main
    entry5.o(.ARM.Collect$$$$00000004) refers to init.o(.text) for __scatterload
    entry9a.o(.ARM.Collect$$$$0000000B) refers to main.o(.text) for main
    entry9b.o(.ARM.Collect$$$$0000000C) refers to main.o(.text) for main
    uldiv.o(.text) refers to llushr.o(.text) for __aeabi_llsr
    uldiv.o(.text) refers to llshl.o(.text) for __aeabi_llsl
    dadd.o(.text) refers to llshl.o(.text) for __aeabi_llsl
    dadd.o(.text) refers to llsshr.o(.text) for __aeabi_lasr
    dadd.o(.text) refers to depilogue.o(.text) for _double_epilogue
    dmul.o(.text) refers to depilogue.o(.text) for _double_epilogue
    ddiv.o(.text) refers to depilogue.o(.text) for _double_round
    dfixul.o(.text) refers to llushr.o(.text) for __aeabi_llsr
    dfixul.o(.text) refers to llshl.o(.text) for __aeabi_llsl
    init.o(.text) refers to entry5.o(.ARM.Collect$$$$00000004) for __main_after_scatterload
    depilogue.o(.text) refers to llshl.o(.text) for __aeabi_llsl
    depilogue.o(.text) refers to llushr.o(.text) for __aeabi_llsr


==============================================================================

Removing Unused input sections from the image.

    Removing startup_stm32f10x_hd.o(HEAP), (512 bytes).
    Removing core_cm3.o(.emb_text), (32 bytes).
    Removing stm32f10x_adc.o(.text), (1102 bytes).
    Removing stm32f10x_bkp.o(.text), (196 bytes).
    Removing stm32f10x_can.o(.text), (2544 bytes).
    Removing stm32f10x_cec.o(.text), (288 bytes).
    Removing stm32f10x_crc.o(.text), (72 bytes).
    Removing stm32f10x_dac.o(.text), (396 bytes).
    Removing stm32f10x_dbgmcu.o(.text), (48 bytes).
    Removing stm32f10x_dma.o(.text), (596 bytes).
    Removing stm32f10x_exti.o(.text), (284 bytes).
    Removing stm32f10x_flash.o(.text), (1468 bytes).
    Removing stm32f10x_fsmc.o(.text), (1548 bytes).
    Removing stm32f10x_i2c.o(.text), (1028 bytes).
    Removing stm32f10x_iwdg.o(.text), (64 bytes).
    Removing stm32f10x_pwr.o(.text), (204 bytes).
    Removing stm32f10x_rtc.o(.text), (328 bytes).
    Removing stm32f10x_sdio.o(.text), (468 bytes).
    Removing stm32f10x_spi.o(.text), (780 bytes).
    Removing stm32f10x_tim.o(.text), (3610 bytes).
    Removing stm32f10x_wwdg.o(.text), (136 bytes).
    Removing event_groups.o(.text), (1048 bytes).
    Removing stream_buffer.o(.text), (2272 bytes).
    Removing dadd.o(.text), (334 bytes).
    Removing dmul.o(.text), (228 bytes).
    Removing ddiv.o(.text), (222 bytes).
    Removing dfixul.o(.text), (48 bytes).
    Removing cdrcmple.o(.text), (48 bytes).
    Removing depilogue.o(.text), (186 bytes).

29 unused section(s) (total 20090 bytes) removed from the image.

==============================================================================

Image Symbol Table

    Local Symbols

    Symbol Name                              Value     Ov Type        Size  Object(Section)

    ../clib/microlib/division.c              0x00000000   Number         0  uldiv.o ABSOLUTE
    ../clib/microlib/division.c              0x00000000   Number         0  uidiv.o ABSOLUTE
    ../clib/microlib/init/entry.s            0x00000000   Number         0  entry11a.o ABSOLUTE
    ../clib/microlib/init/entry.s            0x00000000   Number         0  entry10a.o ABSOLUTE
    ../clib/microlib/init/entry.s            0x00000000   Number         0  entry10b.o ABSOLUTE
    ../clib/microlib/init/entry.s            0x00000000   Number         0  entry11b.o ABSOLUTE
    ../clib/microlib/init/entry.s            0x00000000   Number         0  entry5.o ABSOLUTE
    ../clib/microlib/init/entry.s            0x00000000   Number         0  entry9a.o ABSOLUTE
    ../clib/microlib/init/entry.s            0x00000000   Number         0  entry.o ABSOLUTE
    ../clib/microlib/init/entry.s            0x00000000   Number         0  entry8b.o ABSOLUTE
    ../clib/microlib/init/entry.s            0x00000000   Number         0  entry8a.o ABSOLUTE
    ../clib/microlib/init/entry.s            0x00000000   Number         0  entry7b.o ABSOLUTE
    ../clib/microlib/init/entry.s            0x00000000   Number         0  entry7a.o ABSOLUTE
    ../clib/microlib/init/entry.s            0x00000000   Number         0  entry2.o ABSOLUTE
    ../clib/microlib/init/entry.s            0x00000000   Number         0  entry9b.o ABSOLUTE
    ../clib/microlib/longlong.c              0x00000000   Number         0  llushr.o ABSOLUTE
    ../clib/microlib/longlong.c              0x00000000   Number         0  llsshr.o ABSOLUTE
    ../clib/microlib/longlong.c              0x00000000   Number         0  llshl.o ABSOLUTE
    ../clib/microlib/printf/printf.c         0x00000000   Number         0  printf3.o ABSOLUTE
    ../clib/microlib/printf/printf.c         0x00000000   Number         0  printf8.o ABSOLUTE
    ../clib/microlib/printf/printf.c         0x00000000   Number         0  printf7.o ABSOLUTE
    ../clib/microlib/printf/printf.c         0x00000000   Number         0  printf6.o ABSOLUTE
    ../clib/microlib/printf/printf.c         0x00000000   Number         0  printf5.o ABSOLUTE
    ../clib/microlib/printf/printf.c         0x00000000   Number         0  printf2.o ABSOLUTE
    ../clib/microlib/printf/printf.c         0x00000000   Number         0  printfb.o ABSOLUTE
    ../clib/microlib/printf/printf.c         0x00000000   Number         0  printf0.o ABSOLUTE
    ../clib/microlib/printf/printf.c         0x00000000   Number         0  printf1.o ABSOLUTE
    ../clib/microlib/printf/printf.c         0x00000000   Number         0  printf4.o ABSOLUTE
    ../clib/microlib/printf/printf.c         0x00000000   Number         0  printfa.o ABSOLUTE
    ../clib/microlib/printf/stubs.s          0x00000000   Number         0  stubs.o ABSOLUTE
    ../clib/microlib/stdio/streams.c         0x00000000   Number         0  stdout.o ABSOLUTE
    ../clib/microlib/string/memcpy.c         0x00000000   Number         0  memcpyb.o ABSOLUTE
    ../clib/microlib/string/memcpy.c         0x00000000   Number         0  memcpya.o ABSOLUTE
    ../clib/microlib/string/memset.c         0x00000000   Number         0  memset.o ABSOLUTE
    ../clib/microlib/string/memset.c         0x00000000   Number         0  memseta.o ABSOLUTE
    ../clib/microlib/stubs.s                 0x00000000   Number         0  iusefp.o ABSOLUTE
    ../fplib/microlib/fpadd.c                0x00000000   Number         0  dadd.o ABSOLUTE
    ../fplib/microlib/fpdiv.c                0x00000000   Number         0  ddiv.o ABSOLUTE
    ../fplib/microlib/fpepilogue.c           0x00000000   Number         0  depilogue.o ABSOLUTE
    ../fplib/microlib/fpfix.c                0x00000000   Number         0  dfixul.o ABSOLUTE
    ../fplib/microlib/fpmul.c                0x00000000   Number         0  dmul.o ABSOLUTE
    ..\..\FreeRTOS\port\MemMang\heap_4.c     0x00000000   Number         0  heap_4.o ABSOLUTE
    ..\..\FreeRTOS\port\RVDS\ARM_CM3\port.c  0x00000000   Number         0  port.o ABSOLUTE
    ..\..\FreeRTOS\scr\croutine.c            0x00000000   Number         0  croutine.o ABSOLUTE
    ..\..\FreeRTOS\scr\event_groups.c        0x00000000   Number         0  event_groups.o ABSOLUTE
    ..\..\FreeRTOS\scr\list.c                0x00000000   Number         0  list.o ABSOLUTE
    ..\..\FreeRTOS\scr\queue.c               0x00000000   Number         0  queue.o ABSOLUTE
    ..\..\FreeRTOS\scr\stream_buffer.c       0x00000000   Number         0  stream_buffer.o ABSOLUTE
    ..\..\FreeRTOS\scr\tasks.c               0x00000000   Number         0  tasks.o ABSOLUTE
    ..\..\FreeRTOS\scr\timers.c              0x00000000   Number         0  timers.o ABSOLUTE
    ..\..\Libraries\CMSIS\core_cm3.c         0x00000000   Number         0  core_cm3.o ABSOLUTE
    ..\..\Libraries\CMSIS\startup\startup_stm32f10x_hd.s 0x00000000   Number         0  startup_stm32f10x_hd.o ABSOLUTE
    ..\..\Libraries\CMSIS\system_stm32f10x.c 0x00000000   Number         0  system_stm32f10x.o ABSOLUTE
    ..\..\Libraries\FWlib\src\misc.c         0x00000000   Number         0  misc.o ABSOLUTE
    ..\..\Libraries\FWlib\src\stm32f10x_adc.c 0x00000000   Number         0  stm32f10x_adc.o ABSOLUTE
    ..\..\Libraries\FWlib\src\stm32f10x_bkp.c 0x00000000   Number         0  stm32f10x_bkp.o ABSOLUTE
    ..\..\Libraries\FWlib\src\stm32f10x_can.c 0x00000000   Number         0  stm32f10x_can.o ABSOLUTE
    ..\..\Libraries\FWlib\src\stm32f10x_cec.c 0x00000000   Number         0  stm32f10x_cec.o ABSOLUTE
    ..\..\Libraries\FWlib\src\stm32f10x_crc.c 0x00000000   Number         0  stm32f10x_crc.o ABSOLUTE
    ..\..\Libraries\FWlib\src\stm32f10x_dac.c 0x00000000   Number         0  stm32f10x_dac.o ABSOLUTE
    ..\..\Libraries\FWlib\src\stm32f10x_dbgmcu.c 0x00000000   Number         0  stm32f10x_dbgmcu.o ABSOLUTE
    ..\..\Libraries\FWlib\src\stm32f10x_dma.c 0x00000000   Number         0  stm32f10x_dma.o ABSOLUTE
    ..\..\Libraries\FWlib\src\stm32f10x_exti.c 0x00000000   Number         0  stm32f10x_exti.o ABSOLUTE
    ..\..\Libraries\FWlib\src\stm32f10x_flash.c 0x00000000   Number         0  stm32f10x_flash.o ABSOLUTE
    ..\..\Libraries\FWlib\src\stm32f10x_fsmc.c 0x00000000   Number         0  stm32f10x_fsmc.o ABSOLUTE
    ..\..\Libraries\FWlib\src\stm32f10x_gpio.c 0x00000000   Number         0  stm32f10x_gpio.o ABSOLUTE
    ..\..\Libraries\FWlib\src\stm32f10x_i2c.c 0x00000000   Number         0  stm32f10x_i2c.o ABSOLUTE
    ..\..\Libraries\FWlib\src\stm32f10x_iwdg.c 0x00000000   Number         0  stm32f10x_iwdg.o ABSOLUTE
    ..\..\Libraries\FWlib\src\stm32f10x_pwr.c 0x00000000   Number         0  stm32f10x_pwr.o ABSOLUTE
    ..\..\Libraries\FWlib\src\stm32f10x_rcc.c 0x00000000   Number         0  stm32f10x_rcc.o ABSOLUTE
    ..\..\Libraries\FWlib\src\stm32f10x_rtc.c 0x00000000   Number         0  stm32f10x_rtc.o ABSOLUTE
    ..\..\Libraries\FWlib\src\stm32f10x_sdio.c 0x00000000   Number         0  stm32f10x_sdio.o ABSOLUTE
    ..\..\Libraries\FWlib\src\stm32f10x_spi.c 0x00000000   Number         0  stm32f10x_spi.o ABSOLUTE
    ..\..\Libraries\FWlib\src\stm32f10x_tim.c 0x00000000   Number         0  stm32f10x_tim.o ABSOLUTE
    ..\..\Libraries\FWlib\src\stm32f10x_usart.c 0x00000000   Number         0  stm32f10x_usart.o ABSOLUTE
    ..\..\Libraries\FWlib\src\stm32f10x_wwdg.c 0x00000000   Number         0  stm32f10x_wwdg.o ABSOLUTE
    ..\..\User\board.c                       0x00000000   Number         0  board.o ABSOLUTE
    ..\..\User\gpio\bsp_gpio.c               0x00000000   Number         0  bsp_gpio.o ABSOLUTE
    ..\..\User\main.c                        0x00000000   Number         0  main.o ABSOLUTE
    ..\..\User\printf\bsp_printf.c           0x00000000   Number         0  bsp_printf.o ABSOLUTE
    ..\..\User\stm32f10x_it.c                0x00000000   Number         0  stm32f10x_it.o ABSOLUTE
    ..\..\User\usart\bsp_usart.c             0x00000000   Number         0  bsp_usart.o ABSOLUTE
    ..\\..\\FreeRTOS\\port\\RVDS\\ARM_CM3\\port.c 0x00000000   Number         0  port.o ABSOLUTE
    ..\\..\\Libraries\\CMSIS\\core_cm3.c     0x00000000   Number         0  core_cm3.o ABSOLUTE
    cdrcmple.s                               0x00000000   Number         0  cdrcmple.o ABSOLUTE
    dc.s                                     0x00000000   Number         0  dc.o ABSOLUTE
    handlers.s                               0x00000000   Number         0  handlers.o ABSOLUTE
    init.s                                   0x00000000   Number         0  init.o ABSOLUTE
    RESET                                    0x08000000   Section      304  startup_stm32f10x_hd.o(RESET)
    .ARM.Collect$$$$00000000                 0x08000130   Section        0  entry.o(.ARM.Collect$$$$00000000)
    .ARM.Collect$$$$00000001                 0x08000130   Section        4  entry2.o(.ARM.Collect$$$$00000001)
    .ARM.Collect$$$$00000004                 0x08000134   Section        4  entry5.o(.ARM.Collect$$$$00000004)
    .ARM.Collect$$$$00000008                 0x08000138   Section        0  entry7b.o(.ARM.Collect$$$$00000008)
    .ARM.Collect$$$$0000000A                 0x08000138   Section        0  entry8b.o(.ARM.Collect$$$$0000000A)
    .ARM.Collect$$$$0000000B                 0x08000138   Section        8  entry9a.o(.ARM.Collect$$$$0000000B)
    .ARM.Collect$$$$0000000D                 0x08000140   Section        0  entry10a.o(.ARM.Collect$$$$0000000D)
    .ARM.Collect$$$$0000000F                 0x08000140   Section        0  entry11a.o(.ARM.Collect$$$$0000000F)
    .ARM.Collect$$$$00002712                 0x08000140   Section        4  entry2.o(.ARM.Collect$$$$00002712)
    __lit__00000000                          0x08000140   Data           4  entry2.o(.ARM.Collect$$$$00002712)
    .emb_text                                0x08000144   Section      150  port.o(.emb_text)
    .text                                    0x080001dc   Section       36  startup_stm32f10x_hd.o(.text)
    .text                                    0x08000200   Section        0  system_stm32f10x.o(.text)
    SetSysClockTo72                          0x08000201   Thumb Code   214  system_stm32f10x.o(.text)
    SetSysClock                              0x080002d7   Thumb Code     8  system_stm32f10x.o(.text)
    .text                                    0x080003e0   Section        0  misc.o(.text)
    .text                                    0x080004bc   Section        0  stm32f10x_gpio.o(.text)
    .text                                    0x08000818   Section        0  stm32f10x_rcc.o(.text)
    .text                                    0x08000bbc   Section        0  stm32f10x_usart.o(.text)
    .text                                    0x08000fc4   Section        0  main.o(.text)
    Send_Task                                0x08000fc5   Thumb Code   104  main.o(.text)
    Receive_Task                             0x0800102d   Thumb Code    74  main.o(.text)
    AppTaskCreate                            0x08001077   Thumb Code   114  main.o(.text)
    .text                                    0x080012b4   Section        0  board.o(.text)
    .text                                    0x080012cc   Section        0  stm32f10x_it.o(.text)
    .text                                    0x080012f0   Section        0  bsp_usart.o(.text)
    NVIC_Configuration_Usart1                0x080012f1   Thumb Code    34  bsp_usart.o(.text)
    NVIC_Configuration_Usart2                0x08001313   Thumb Code    30  bsp_usart.o(.text)
    NVIC_Configuration_Usart3                0x08001331   Thumb Code    34  bsp_usart.o(.text)
    .text                                    0x080015f0   Section        0  bsp_printf.o(.text)
    .text                                    0x08001614   Section        0  bsp_gpio.o(.text)
    .text                                    0x080016c0   Section        0  list.o(.text)
    .text                                    0x08001754   Section        0  queue.o(.text)
    prvInitialiseNewQueue                    0x080017dd   Thumb Code    38  queue.o(.text)
    prvUnlockQueue                           0x0800184d   Thumb Code   126  queue.o(.text)
    prvIsQueueFull                           0x080018cb   Thumb Code    30  queue.o(.text)
    prvCopyDataToQueue                       0x080018e9   Thumb Code   106  queue.o(.text)
    prvIsQueueEmpty                          0x08001cad   Thumb Code    26  queue.o(.text)
    prvCopyDataFromQueue                     0x08001cc7   Thumb Code    42  queue.o(.text)
    .text                                    0x08002394   Section        0  tasks.o(.text)
    prvInitialiseTaskLists                   0x08002395   Thumb Code    70  tasks.o(.text)
    prvAddNewTaskToReadyList                 0x080023db   Thumb Code   150  tasks.o(.text)
    prvInitialiseNewTask                     0x08002471   Thumb Code   164  tasks.o(.text)
    prvResetNextTaskUnblockTime              0x08002575   Thumb Code    42  tasks.o(.text)
    prvDeleteTCB                             0x0800259f   Thumb Code    18  tasks.o(.text)
    prvAddCurrentTaskToDelayedList           0x080028db   Thumb Code   124  tasks.o(.text)
    prvTaskIsTaskSuspended                   0x08002dad   Thumb Code    76  tasks.o(.text)
    prvCheckTasksWaitingTermination          0x08002f0b   Thumb Code    60  tasks.o(.text)
    prvIdleTask                              0x08002f47   Thumb Code    32  tasks.o(.text)
    .text                                    0x080037dc   Section        0  port.o(.text)
    prvTaskExitError                         0x080037dd   Thumb Code    48  port.o(.text)
    .text                                    0x08003ab4   Section        0  heap_4.o(.text)
    prvInsertBlockIntoFreeList               0x08003ab5   Thumb Code    96  heap_4.o(.text)
    prvHeapInit                              0x08003b15   Thumb Code    98  heap_4.o(.text)
    .text                                    0x08003dd8   Section        0  memcpya.o(.text)
    .text                                    0x08003dfc   Section        0  uldiv.o(.text)
    .text                                    0x08003e60   Section       36  init.o(.text)
    .text                                    0x08003e84   Section        0  llshl.o(.text)
    .text                                    0x08003ea2   Section        0  llushr.o(.text)
    i.__0printf$5                            0x08003ec4   Section        0  printf5.o(i.__0printf$5)
    i.__scatterload_copy                     0x08003ee4   Section       14  handlers.o(i.__scatterload_copy)
    i.__scatterload_null                     0x08003ef2   Section        2  handlers.o(i.__scatterload_null)
    i.__scatterload_zeroinit                 0x08003ef4   Section       14  handlers.o(i.__scatterload_zeroinit)
    i._printf_core                           0x08003f04   Section        0  printf5.o(i._printf_core)
    _printf_core                             0x08003f05   Thumb Code   658  printf5.o(i._printf_core)
    .constdata                               0x080041c4   Section        7  main.o(.constdata)
    .data                                    0x20000000   Section       20  system_stm32f10x.o(.data)
    .data                                    0x20000014   Section       20  stm32f10x_rcc.o(.data)
    APBAHBPrescTable                         0x20000014   Data          16  stm32f10x_rcc.o(.data)
    ADCPrescTable                            0x20000024   Data           4  stm32f10x_rcc.o(.data)
    .data                                    0x20000028   Section       16  main.o(.data)
    AppTaskCreate_Handle                     0x2000002c   Data           4  main.o(.data)
    Receive_Task_Handle                      0x20000030   Data           4  main.o(.data)
    Send_Task_Handle                         0x20000034   Data           4  main.o(.data)
    .data                                    0x20000038   Section       60  tasks.o(.data)
    pxDelayedTaskList                        0x2000003c   Data           4  tasks.o(.data)
    pxOverflowDelayedTaskList                0x20000040   Data           4  tasks.o(.data)
    uxDeletedTasksWaitingCleanUp             0x20000044   Data           4  tasks.o(.data)
    uxCurrentNumberOfTasks                   0x20000048   Data           4  tasks.o(.data)
    xTickCount                               0x2000004c   Data           4  tasks.o(.data)
    uxTopReadyPriority                       0x20000050   Data           4  tasks.o(.data)
    xSchedulerRunning                        0x20000054   Data           4  tasks.o(.data)
    xPendedTicks                             0x20000058   Data           4  tasks.o(.data)
    xYieldPending                            0x2000005c   Data           4  tasks.o(.data)
    xNumOfOverflows                          0x20000060   Data           4  tasks.o(.data)
    uxTaskNumber                             0x20000064   Data           4  tasks.o(.data)
    xNextTaskUnblockTime                     0x20000068   Data           4  tasks.o(.data)
    xIdleTaskHandle                          0x2000006c   Data           4  tasks.o(.data)
    uxSchedulerSuspended                     0x20000070   Data           4  tasks.o(.data)
    .data                                    0x20000074   Section       12  port.o(.data)
    uxCriticalNesting                        0x20000074   Data           4  port.o(.data)
    ucMaxSysCallPriority                     0x20000078   Data           1  port.o(.data)
    ulMaxPRIGROUPValue                       0x2000007c   Data           4  port.o(.data)
    .data                                    0x20000080   Section       32  heap_4.o(.data)
    xStart                                   0x20000080   Data           8  heap_4.o(.data)
    pxEnd                                    0x20000088   Data           4  heap_4.o(.data)
    xFreeBytesRemaining                      0x2000008c   Data           4  heap_4.o(.data)
    xMinimumEverFreeBytesRemaining           0x20000090   Data           4  heap_4.o(.data)
    xNumberOfSuccessfulAllocations           0x20000094   Data           4  heap_4.o(.data)
    xNumberOfSuccessfulFrees                 0x20000098   Data           4  heap_4.o(.data)
    xBlockAllocatedBit                       0x2000009c   Data           4  heap_4.o(.data)
    .data                                    0x200000a0   Section        4  stdout.o(.data)
    .bss                                     0x200000a4   Section       80  queue.o(.bss)
    .bss                                     0x200000f4   Section      740  tasks.o(.bss)
    pxReadyTasksLists                        0x200000f4   Data         640  tasks.o(.bss)
    xDelayedTaskList1                        0x20000374   Data          20  tasks.o(.bss)
    xDelayedTaskList2                        0x20000388   Data          20  tasks.o(.bss)
    xPendingReadyList                        0x2000039c   Data          20  tasks.o(.bss)
    xTasksWaitingTermination                 0x200003b0   Data          20  tasks.o(.bss)
    xSuspendedTaskList                       0x200003c4   Data          20  tasks.o(.bss)
    .bss                                     0x200003d8   Section    36864  heap_4.o(.bss)
    ucHeap                                   0x200003d8   Data       36864  heap_4.o(.bss)
    STACK                                    0x200093d8   Section     1024  startup_stm32f10x_hd.o(STACK)

    Global Symbols

    Symbol Name                              Value     Ov Type        Size  Object(Section)

    BuildAttributes$$THM_ISAv4$P$D$K$B$S$PE$A:L22UL41UL21$X:L11$S22US41US21$IEEE1$IW$USESV6$~STKCKD$USESV7$~SHL$OSPACE$ROPI$EBA8$MICROLIB$REQ8$PRES8$EABIv2 0x00000000   Number         0  anon$$obj.o ABSOLUTE
    __ARM_use_no_argv                        0x00000000   Number         0  main.o ABSOLUTE
    _printf_a                                0x00000000   Number         0  stubs.o ABSOLUTE
    _printf_c                                0x00000000   Number         0  stubs.o ABSOLUTE
    _printf_charcount                        0x00000000   Number         0  stubs.o ABSOLUTE
    _printf_d                                0x00000000   Number         0  stubs.o ABSOLUTE
    _printf_e                                0x00000000   Number         0  stubs.o ABSOLUTE
    _printf_f                                0x00000000   Number         0  stubs.o ABSOLUTE
    _printf_flags                            0x00000000   Number         0  stubs.o ABSOLUTE
    _printf_fp_dec                           0x00000000   Number         0  stubs.o ABSOLUTE
    _printf_fp_hex                           0x00000000   Number         0  stubs.o ABSOLUTE
    _printf_g                                0x00000000   Number         0  stubs.o ABSOLUTE
    _printf_i                                0x00000000   Number         0  stubs.o ABSOLUTE
    _printf_int_dec                          0x00000000   Number         0  stubs.o ABSOLUTE
    _printf_l                                0x00000000   Number         0  stubs.o ABSOLUTE
    _printf_lc                               0x00000000   Number         0  stubs.o ABSOLUTE
    _printf_ll                               0x00000000   Number         0  stubs.o ABSOLUTE
    _printf_lld                              0x00000000   Number         0  stubs.o ABSOLUTE
    _printf_lli                              0x00000000   Number         0  stubs.o ABSOLUTE
    _printf_llo                              0x00000000   Number         0  stubs.o ABSOLUTE
    _printf_llu                              0x00000000   Number         0  stubs.o ABSOLUTE
    _printf_llx                              0x00000000   Number         0  stubs.o ABSOLUTE
    _printf_longlong_dec                     0x00000000   Number         0  stubs.o ABSOLUTE
    _printf_longlong_hex                     0x00000000   Number         0  stubs.o ABSOLUTE
    _printf_longlong_oct                     0x00000000   Number         0  stubs.o ABSOLUTE
    _printf_ls                               0x00000000   Number         0  stubs.o ABSOLUTE
    _printf_mbtowc                           0x00000000   Number         0  stubs.o ABSOLUTE
    _printf_n                                0x00000000   Number         0  stubs.o ABSOLUTE
    _printf_o                                0x00000000   Number         0  stubs.o ABSOLUTE
    _printf_p                                0x00000000   Number         0  stubs.o ABSOLUTE
    _printf_percent                          0x00000000   Number         0  stubs.o ABSOLUTE
    _printf_pre_padding                      0x00000000   Number         0  stubs.o ABSOLUTE
    _printf_return_value                     0x00000000   Number         0  stubs.o ABSOLUTE
    _printf_s                                0x00000000   Number         0  stubs.o ABSOLUTE
    _printf_sizespec                         0x00000000   Number         0  stubs.o ABSOLUTE
    _printf_str                              0x00000000   Number         0  stubs.o ABSOLUTE
    _printf_truncate_signed                  0x00000000   Number         0  stubs.o ABSOLUTE
    _printf_truncate_unsigned                0x00000000   Number         0  stubs.o ABSOLUTE
    _printf_u                                0x00000000   Number         0  stubs.o ABSOLUTE
    _printf_wc                               0x00000000   Number         0  stubs.o ABSOLUTE
    _printf_wctomb                           0x00000000   Number         0  stubs.o ABSOLUTE
    _printf_widthprec                        0x00000000   Number         0  stubs.o ABSOLUTE
    _printf_x                                0x00000000   Number         0  stubs.o ABSOLUTE
    __cpp_initialize__aeabi_                  - Undefined Weak Reference
    __cxa_finalize                            - Undefined Weak Reference
    __decompress                              - Undefined Weak Reference
    _clock_init                               - Undefined Weak Reference
    _microlib_exit                            - Undefined Weak Reference
    __Vectors_Size                           0x00000130   Number         0  startup_stm32f10x_hd.o ABSOLUTE
    __Vectors                                0x08000000   Data           4  startup_stm32f10x_hd.o(RESET)
    __Vectors_End                            0x08000130   Data           0  startup_stm32f10x_hd.o(RESET)
    __main                                   0x08000131   Thumb Code     0  entry.o(.ARM.Collect$$$$00000000)
    _main_stk                                0x08000131   Thumb Code     0  entry2.o(.ARM.Collect$$$$00000001)
    _main_scatterload                        0x08000135   Thumb Code     0  entry5.o(.ARM.Collect$$$$00000004)
    __main_after_scatterload                 0x08000139   Thumb Code     0  entry5.o(.ARM.Collect$$$$00000004)
    _main_clock                              0x08000139   Thumb Code     0  entry7b.o(.ARM.Collect$$$$00000008)
    _main_cpp_init                           0x08000139   Thumb Code     0  entry8b.o(.ARM.Collect$$$$0000000A)
    _main_init                               0x08000139   Thumb Code     0  entry9a.o(.ARM.Collect$$$$0000000B)
    __rt_final_cpp                           0x08000141   Thumb Code     0  entry10a.o(.ARM.Collect$$$$0000000D)
    __rt_final_exit                          0x08000141   Thumb Code     0  entry11a.o(.ARM.Collect$$$$0000000F)
    SVC_Handler                              0x08000145   Thumb Code    32  port.o(.emb_text)
    __asm___6_port_c_39a90d8d__prvStartFirstTask 0x08000169   Thumb Code    28  port.o(.emb_text)
    PendSV_Handler                           0x08000189   Thumb Code    72  port.o(.emb_text)
    vPortGetIPSR                             0x080001d5   Thumb Code     6  port.o(.emb_text)
    Reset_Handler                            0x080001dd   Thumb Code     8  startup_stm32f10x_hd.o(.text)
    ADC1_2_IRQHandler                        0x080001f7   Thumb Code     0  startup_stm32f10x_hd.o(.text)
    ADC3_IRQHandler                          0x080001f7   Thumb Code     0  startup_stm32f10x_hd.o(.text)
    CAN1_RX1_IRQHandler                      0x080001f7   Thumb Code     0  startup_stm32f10x_hd.o(.text)
    CAN1_SCE_IRQHandler                      0x080001f7   Thumb Code     0  startup_stm32f10x_hd.o(.text)
    DMA1_Channel1_IRQHandler                 0x080001f7   Thumb Code     0  startup_stm32f10x_hd.o(.text)
    DMA1_Channel2_IRQHandler                 0x080001f7   Thumb Code     0  startup_stm32f10x_hd.o(.text)
    DMA1_Channel3_IRQHandler                 0x080001f7   Thumb Code     0  startup_stm32f10x_hd.o(.text)
    DMA1_Channel4_IRQHandler                 0x080001f7   Thumb Code     0  startup_stm32f10x_hd.o(.text)
    DMA1_Channel5_IRQHandler                 0x080001f7   Thumb Code     0  startup_stm32f10x_hd.o(.text)
    DMA1_Channel6_IRQHandler                 0x080001f7   Thumb Code     0  startup_stm32f10x_hd.o(.text)
    DMA1_Channel7_IRQHandler                 0x080001f7   Thumb Code     0  startup_stm32f10x_hd.o(.text)
    DMA2_Channel1_IRQHandler                 0x080001f7   Thumb Code     0  startup_stm32f10x_hd.o(.text)
    DMA2_Channel2_IRQHandler                 0x080001f7   Thumb Code     0  startup_stm32f10x_hd.o(.text)
    DMA2_Channel3_IRQHandler                 0x080001f7   Thumb Code     0  startup_stm32f10x_hd.o(.text)
    DMA2_Channel4_5_IRQHandler               0x080001f7   Thumb Code     0  startup_stm32f10x_hd.o(.text)
    EXTI0_IRQHandler                         0x080001f7   Thumb Code     0  startup_stm32f10x_hd.o(.text)
    EXTI15_10_IRQHandler                     0x080001f7   Thumb Code     0  startup_stm32f10x_hd.o(.text)
    EXTI1_IRQHandler                         0x080001f7   Thumb Code     0  startup_stm32f10x_hd.o(.text)
    EXTI2_IRQHandler                         0x080001f7   Thumb Code     0  startup_stm32f10x_hd.o(.text)
    EXTI3_IRQHandler                         0x080001f7   Thumb Code     0  startup_stm32f10x_hd.o(.text)
    EXTI4_IRQHandler                         0x080001f7   Thumb Code     0  startup_stm32f10x_hd.o(.text)
    EXTI9_5_IRQHandler                       0x080001f7   Thumb Code     0  startup_stm32f10x_hd.o(.text)
    FLASH_IRQHandler                         0x080001f7   Thumb Code     0  startup_stm32f10x_hd.o(.text)
    FSMC_IRQHandler                          0x080001f7   Thumb Code     0  startup_stm32f10x_hd.o(.text)
    I2C1_ER_IRQHandler                       0x080001f7   Thumb Code     0  startup_stm32f10x_hd.o(.text)
    I2C1_EV_IRQHandler                       0x080001f7   Thumb Code     0  startup_stm32f10x_hd.o(.text)
    I2C2_ER_IRQHandler                       0x080001f7   Thumb Code     0  startup_stm32f10x_hd.o(.text)
    I2C2_EV_IRQHandler                       0x080001f7   Thumb Code     0  startup_stm32f10x_hd.o(.text)
    PVD_IRQHandler                           0x080001f7   Thumb Code     0  startup_stm32f10x_hd.o(.text)
    RCC_IRQHandler                           0x080001f7   Thumb Code     0  startup_stm32f10x_hd.o(.text)
    RTCAlarm_IRQHandler                      0x080001f7   Thumb Code     0  startup_stm32f10x_hd.o(.text)
    RTC_IRQHandler                           0x080001f7   Thumb Code     0  startup_stm32f10x_hd.o(.text)
    SDIO_IRQHandler                          0x080001f7   Thumb Code     0  startup_stm32f10x_hd.o(.text)
    SPI1_IRQHandler                          0x080001f7   Thumb Code     0  startup_stm32f10x_hd.o(.text)
    SPI2_IRQHandler                          0x080001f7   Thumb Code     0  startup_stm32f10x_hd.o(.text)
    SPI3_IRQHandler                          0x080001f7   Thumb Code     0  startup_stm32f10x_hd.o(.text)
    TAMPER_IRQHandler                        0x080001f7   Thumb Code     0  startup_stm32f10x_hd.o(.text)
    TIM1_BRK_IRQHandler                      0x080001f7   Thumb Code     0  startup_stm32f10x_hd.o(.text)
    TIM1_CC_IRQHandler                       0x080001f7   Thumb Code     0  startup_stm32f10x_hd.o(.text)
    TIM1_TRG_COM_IRQHandler                  0x080001f7   Thumb Code     0  startup_stm32f10x_hd.o(.text)
    TIM1_UP_IRQHandler                       0x080001f7   Thumb Code     0  startup_stm32f10x_hd.o(.text)
    TIM2_IRQHandler                          0x080001f7   Thumb Code     0  startup_stm32f10x_hd.o(.text)
    TIM3_IRQHandler                          0x080001f7   Thumb Code     0  startup_stm32f10x_hd.o(.text)
    TIM4_IRQHandler                          0x080001f7   Thumb Code     0  startup_stm32f10x_hd.o(.text)
    TIM5_IRQHandler                          0x080001f7   Thumb Code     0  startup_stm32f10x_hd.o(.text)
    TIM6_IRQHandler                          0x080001f7   Thumb Code     0  startup_stm32f10x_hd.o(.text)
    TIM7_IRQHandler                          0x080001f7   Thumb Code     0  startup_stm32f10x_hd.o(.text)
    TIM8_BRK_IRQHandler                      0x080001f7   Thumb Code     0  startup_stm32f10x_hd.o(.text)
    TIM8_CC_IRQHandler                       0x080001f7   Thumb Code     0  startup_stm32f10x_hd.o(.text)
    TIM8_TRG_COM_IRQHandler                  0x080001f7   Thumb Code     0  startup_stm32f10x_hd.o(.text)
    TIM8_UP_IRQHandler                       0x080001f7   Thumb Code     0  startup_stm32f10x_hd.o(.text)
    UART4_IRQHandler                         0x080001f7   Thumb Code     0  startup_stm32f10x_hd.o(.text)
    UART5_IRQHandler                         0x080001f7   Thumb Code     0  startup_stm32f10x_hd.o(.text)
    USBWakeUp_IRQHandler                     0x080001f7   Thumb Code     0  startup_stm32f10x_hd.o(.text)
    USB_HP_CAN1_TX_IRQHandler                0x080001f7   Thumb Code     0  startup_stm32f10x_hd.o(.text)
    USB_LP_CAN1_RX0_IRQHandler               0x080001f7   Thumb Code     0  startup_stm32f10x_hd.o(.text)
    WWDG_IRQHandler                          0x080001f7   Thumb Code     0  startup_stm32f10x_hd.o(.text)
    SystemInit                               0x080002df   Thumb Code    78  system_stm32f10x.o(.text)
    SystemCoreClockUpdate                    0x0800032d   Thumb Code   142  system_stm32f10x.o(.text)
    NVIC_PriorityGroupConfig                 0x080003e1   Thumb Code    10  misc.o(.text)
    NVIC_Init                                0x080003eb   Thumb Code   100  misc.o(.text)
    NVIC_SetVectorTable                      0x0800044f   Thumb Code    14  misc.o(.text)
    NVIC_SystemLPConfig                      0x0800045d   Thumb Code    34  misc.o(.text)
    SysTick_CLKSourceConfig                  0x0800047f   Thumb Code    40  misc.o(.text)
    GPIO_DeInit                              0x080004bd   Thumb Code   172  stm32f10x_gpio.o(.text)
    GPIO_AFIODeInit                          0x08000569   Thumb Code    20  stm32f10x_gpio.o(.text)
    GPIO_Init                                0x0800057d   Thumb Code   278  stm32f10x_gpio.o(.text)
    GPIO_StructInit                          0x08000693   Thumb Code    16  stm32f10x_gpio.o(.text)
    GPIO_ReadInputDataBit                    0x080006a3   Thumb Code    18  stm32f10x_gpio.o(.text)
    GPIO_ReadInputData                       0x080006b5   Thumb Code     8  stm32f10x_gpio.o(.text)
    GPIO_ReadOutputDataBit                   0x080006bd   Thumb Code    18  stm32f10x_gpio.o(.text)
    GPIO_ReadOutputData                      0x080006cf   Thumb Code     8  stm32f10x_gpio.o(.text)
    GPIO_SetBits                             0x080006d7   Thumb Code     4  stm32f10x_gpio.o(.text)
    GPIO_ResetBits                           0x080006db   Thumb Code     4  stm32f10x_gpio.o(.text)
    GPIO_WriteBit                            0x080006df   Thumb Code    10  stm32f10x_gpio.o(.text)
    GPIO_Write                               0x080006e9   Thumb Code     4  stm32f10x_gpio.o(.text)
    GPIO_PinLockConfig                       0x080006ed   Thumb Code    18  stm32f10x_gpio.o(.text)
    GPIO_EventOutputConfig                   0x080006ff   Thumb Code    26  stm32f10x_gpio.o(.text)
    GPIO_EventOutputCmd                      0x08000719   Thumb Code     6  stm32f10x_gpio.o(.text)
    GPIO_PinRemapConfig                      0x0800071f   Thumb Code   138  stm32f10x_gpio.o(.text)
    GPIO_EXTILineConfig                      0x080007a9   Thumb Code    66  stm32f10x_gpio.o(.text)
    GPIO_ETH_MediaInterfaceConfig            0x080007eb   Thumb Code     8  stm32f10x_gpio.o(.text)
    RCC_DeInit                               0x08000819   Thumb Code    64  stm32f10x_rcc.o(.text)
    RCC_HSEConfig                            0x08000859   Thumb Code    70  stm32f10x_rcc.o(.text)
    RCC_GetFlagStatus                        0x0800089f   Thumb Code    56  stm32f10x_rcc.o(.text)
    RCC_WaitForHSEStartUp                    0x080008d7   Thumb Code    56  stm32f10x_rcc.o(.text)
    RCC_AdjustHSICalibrationValue            0x0800090f   Thumb Code    20  stm32f10x_rcc.o(.text)
    RCC_HSICmd                               0x08000923   Thumb Code     6  stm32f10x_rcc.o(.text)
    RCC_PLLConfig                            0x08000929   Thumb Code    24  stm32f10x_rcc.o(.text)
    RCC_PLLCmd                               0x08000941   Thumb Code     6  stm32f10x_rcc.o(.text)
    RCC_SYSCLKConfig                         0x08000947   Thumb Code    18  stm32f10x_rcc.o(.text)
    RCC_GetSYSCLKSource                      0x08000959   Thumb Code    10  stm32f10x_rcc.o(.text)
    RCC_HCLKConfig                           0x08000963   Thumb Code    18  stm32f10x_rcc.o(.text)
    RCC_PCLK1Config                          0x08000975   Thumb Code    18  stm32f10x_rcc.o(.text)
    RCC_PCLK2Config                          0x08000987   Thumb Code    20  stm32f10x_rcc.o(.text)
    RCC_ITConfig                             0x0800099b   Thumb Code    26  stm32f10x_rcc.o(.text)
    RCC_USBCLKConfig                         0x080009b5   Thumb Code     8  stm32f10x_rcc.o(.text)
    RCC_ADCCLKConfig                         0x080009bd   Thumb Code    18  stm32f10x_rcc.o(.text)
    RCC_LSEConfig                            0x080009cf   Thumb Code    50  stm32f10x_rcc.o(.text)
    RCC_LSICmd                               0x08000a01   Thumb Code     6  stm32f10x_rcc.o(.text)
    RCC_RTCCLKConfig                         0x08000a07   Thumb Code    12  stm32f10x_rcc.o(.text)
    RCC_RTCCLKCmd                            0x08000a13   Thumb Code     8  stm32f10x_rcc.o(.text)
    RCC_GetClocksFreq                        0x08000a1b   Thumb Code   192  stm32f10x_rcc.o(.text)
    RCC_AHBPeriphClockCmd                    0x08000adb   Thumb Code    26  stm32f10x_rcc.o(.text)
    RCC_APB2PeriphClockCmd                   0x08000af5   Thumb Code    26  stm32f10x_rcc.o(.text)
    RCC_APB1PeriphClockCmd                   0x08000b0f   Thumb Code    26  stm32f10x_rcc.o(.text)
    RCC_APB2PeriphResetCmd                   0x08000b29   Thumb Code    26  stm32f10x_rcc.o(.text)
    RCC_APB1PeriphResetCmd                   0x08000b43   Thumb Code    26  stm32f10x_rcc.o(.text)
    RCC_BackupResetCmd                       0x08000b5d   Thumb Code     8  stm32f10x_rcc.o(.text)
    RCC_ClockSecuritySystemCmd               0x08000b65   Thumb Code     6  stm32f10x_rcc.o(.text)
    RCC_MCOConfig                            0x08000b6b   Thumb Code     6  stm32f10x_rcc.o(.text)
    RCC_ClearFlag                            0x08000b71   Thumb Code    14  stm32f10x_rcc.o(.text)
    RCC_GetITStatus                          0x08000b7f   Thumb Code    20  stm32f10x_rcc.o(.text)
    RCC_ClearITPendingBit                    0x08000b93   Thumb Code     6  stm32f10x_rcc.o(.text)
    USART_DeInit                             0x08000bbd   Thumb Code   134  stm32f10x_usart.o(.text)
    USART_Init                               0x08000c43   Thumb Code   210  stm32f10x_usart.o(.text)
    USART_StructInit                         0x08000d15   Thumb Code    24  stm32f10x_usart.o(.text)
    USART_ClockInit                          0x08000d2d   Thumb Code    34  stm32f10x_usart.o(.text)
    USART_ClockStructInit                    0x08000d4f   Thumb Code    12  stm32f10x_usart.o(.text)
    USART_Cmd                                0x08000d5b   Thumb Code    24  stm32f10x_usart.o(.text)
    USART_ITConfig                           0x08000d73   Thumb Code    74  stm32f10x_usart.o(.text)
    USART_DMACmd                             0x08000dbd   Thumb Code    18  stm32f10x_usart.o(.text)
    USART_SetAddress                         0x08000dcf   Thumb Code    18  stm32f10x_usart.o(.text)
    USART_WakeUpConfig                       0x08000de1   Thumb Code    18  stm32f10x_usart.o(.text)
    USART_ReceiverWakeUpCmd                  0x08000df3   Thumb Code    24  stm32f10x_usart.o(.text)
    USART_LINBreakDetectLengthConfig         0x08000e0b   Thumb Code    18  stm32f10x_usart.o(.text)
    USART_LINCmd                             0x08000e1d   Thumb Code    24  stm32f10x_usart.o(.text)
    USART_SendData                           0x08000e35   Thumb Code     8  stm32f10x_usart.o(.text)
    USART_ReceiveData                        0x08000e3d   Thumb Code    10  stm32f10x_usart.o(.text)
    USART_SendBreak                          0x08000e47   Thumb Code    10  stm32f10x_usart.o(.text)
    USART_SetGuardTime                       0x08000e51   Thumb Code    16  stm32f10x_usart.o(.text)
    USART_SetPrescaler                       0x08000e61   Thumb Code    16  stm32f10x_usart.o(.text)
    USART_SmartCardCmd                       0x08000e71   Thumb Code    24  stm32f10x_usart.o(.text)
    USART_SmartCardNACKCmd                   0x08000e89   Thumb Code    24  stm32f10x_usart.o(.text)
    USART_HalfDuplexCmd                      0x08000ea1   Thumb Code    24  stm32f10x_usart.o(.text)
    USART_OverSampling8Cmd                   0x08000eb9   Thumb Code    22  stm32f10x_usart.o(.text)
    USART_OneBitMethodCmd                    0x08000ecf   Thumb Code    24  stm32f10x_usart.o(.text)
    USART_IrDAConfig                         0x08000ee7   Thumb Code    18  stm32f10x_usart.o(.text)
    USART_IrDACmd                            0x08000ef9   Thumb Code    24  stm32f10x_usart.o(.text)
    USART_GetFlagStatus                      0x08000f11   Thumb Code    26  stm32f10x_usart.o(.text)
    USART_ClearFlag                          0x08000f2b   Thumb Code    18  stm32f10x_usart.o(.text)
    USART_GetITStatus                        0x08000f3d   Thumb Code    84  stm32f10x_usart.o(.text)
    USART_ClearITPendingBit                  0x08000f91   Thumb Code    52  stm32f10x_usart.o(.text)
    main                                     0x080010e9   Thumb Code    62  main.o(.text)
    board_init                               0x080012b5   Thumb Code    24  board.o(.text)
    NMI_Handler                              0x080012cd   Thumb Code     2  stm32f10x_it.o(.text)
    HardFault_Handler                        0x080012cf   Thumb Code     4  stm32f10x_it.o(.text)
    MemManage_Handler                        0x080012d3   Thumb Code     4  stm32f10x_it.o(.text)
    BusFault_Handler                         0x080012d7   Thumb Code     4  stm32f10x_it.o(.text)
    UsageFault_Handler                       0x080012db   Thumb Code     4  stm32f10x_it.o(.text)
    DebugMon_Handler                         0x080012df   Thumb Code     2  stm32f10x_it.o(.text)
    SysTick_Handler                          0x080012e1   Thumb Code    16  stm32f10x_it.o(.text)
    USART1_Init_Config                       0x08001353   Thumb Code   128  bsp_usart.o(.text)
    USART2_Init_Config                       0x080013d3   Thumb Code   130  bsp_usart.o(.text)
    USART3_Init_Config                       0x08001455   Thumb Code   134  bsp_usart.o(.text)
    USART1_IRQHandler                        0x080014db   Thumb Code    26  bsp_usart.o(.text)
    USART2_IRQHandler                        0x080014f5   Thumb Code    26  bsp_usart.o(.text)
    USART3_IRQHandler                        0x0800150f   Thumb Code    26  bsp_usart.o(.text)
    Usart_SendByte                           0x08001529   Thumb Code    30  bsp_usart.o(.text)
    Usart_SendArray                          0x08001547   Thumb Code    48  bsp_usart.o(.text)
    Usart_SendString                         0x08001577   Thumb Code    42  bsp_usart.o(.text)
    Usart_SendHalfWord                       0x080015a1   Thumb Code    60  bsp_usart.o(.text)
    fputc                                    0x080015f1   Thumb Code    32  bsp_printf.o(.text)
    GPIO_Config                              0x08001615   Thumb Code   106  bsp_gpio.o(.text)
    led1_off                                 0x0800167f   Thumb Code    14  bsp_gpio.o(.text)
    led1_on                                  0x0800168d   Thumb Code    14  bsp_gpio.o(.text)
    led2_off                                 0x0800169b   Thumb Code    12  bsp_gpio.o(.text)
    led2_on                                  0x080016a7   Thumb Code    12  bsp_gpio.o(.text)
    vListInitialise                          0x080016c1   Thumb Code    26  list.o(.text)
    vListInitialiseItem                      0x080016db   Thumb Code     6  list.o(.text)
    vListInsertEnd                           0x080016e1   Thumb Code    24  list.o(.text)
    vListInsert                              0x080016f9   Thumb Code    52  list.o(.text)
    uxListRemove                             0x0800172d   Thumb Code    40  list.o(.text)
    xQueueGenericReset                       0x08001755   Thumb Code   136  queue.o(.text)
    xQueueGenericCreate                      0x08001803   Thumb Code    74  queue.o(.text)
    xQueueGenericSend                        0x08001953   Thumb Code   380  queue.o(.text)
    xQueueGenericSendFromISR                 0x08001acf   Thumb Code   272  queue.o(.text)
    xQueueGiveFromISR                        0x08001bdf   Thumb Code   206  queue.o(.text)
    xQueueReceive                            0x08001cf1   Thumb Code   338  queue.o(.text)
    xQueueSemaphoreTake                      0x08001e43   Thumb Code   314  queue.o(.text)
    xQueuePeek                               0x08001f7d   Thumb Code   344  queue.o(.text)
    xQueueReceiveFromISR                     0x080020d5   Thumb Code   194  queue.o(.text)
    xQueuePeekFromISR                        0x08002197   Thumb Code   158  queue.o(.text)
    uxQueueMessagesWaiting                   0x08002235   Thumb Code    36  queue.o(.text)
    uxQueueSpacesAvailable                   0x08002259   Thumb Code    42  queue.o(.text)
    uxQueueMessagesWaitingFromISR            0x08002283   Thumb Code    30  queue.o(.text)
    vQueueUnregisterQueue                    0x080022a1   Thumb Code    44  queue.o(.text)
    vQueueDelete                             0x080022cd   Thumb Code    38  queue.o(.text)
    xQueueIsQueueEmptyFromISR                0x080022f3   Thumb Code    38  queue.o(.text)
    xQueueIsQueueFullFromISR                 0x08002319   Thumb Code    42  queue.o(.text)
    vQueueAddToRegistry                      0x08002343   Thumb Code    38  queue.o(.text)
    pcQueueGetName                           0x08002369   Thumb Code    38  queue.o(.text)
    xTaskCreate                              0x08002515   Thumb Code    96  tasks.o(.text)
    vTaskDelete                              0x080025b1   Thumb Code   192  tasks.o(.text)
    xTaskIncrementTick                       0x08002671   Thumb Code   400  tasks.o(.text)
    xTaskResumeAll                           0x08002801   Thumb Code   218  tasks.o(.text)
    vTaskSuspendAll                          0x08002957   Thumb Code    12  tasks.o(.text)
    vTaskDelayUntil                          0x08002963   Thumb Code   182  tasks.o(.text)
    vTaskDelay                               0x08002a19   Thumb Code    76  tasks.o(.text)
    eTaskGetState                            0x08002a65   Thumb Code   122  tasks.o(.text)
    uxTaskPriorityGet                        0x08002adf   Thumb Code    30  tasks.o(.text)
    uxTaskPriorityGetFromISR                 0x08002afd   Thumb Code    62  tasks.o(.text)
    vTaskPrioritySet                         0x08002b3b   Thumb Code   308  tasks.o(.text)
    vTaskSwitchContext                       0x08002c6f   Thumb Code   114  tasks.o(.text)
    vTaskSuspend                             0x08002ce1   Thumb Code   204  tasks.o(.text)
    vTaskResume                              0x08002df9   Thumb Code   122  tasks.o(.text)
    xTaskResumeFromISR                       0x08002e73   Thumb Code   152  tasks.o(.text)
    vTaskStartScheduler                      0x08002f67   Thumb Code   102  tasks.o(.text)
    vTaskEndScheduler                        0x08002fcd   Thumb Code    32  tasks.o(.text)
    xTaskGetTickCount                        0x08002fed   Thumb Code     6  tasks.o(.text)
    xTaskGetTickCountFromISR                 0x08002ff3   Thumb Code    16  tasks.o(.text)
    uxTaskGetNumberOfTasks                   0x08003003   Thumb Code     6  tasks.o(.text)
    pcTaskGetName                            0x08003009   Thumb Code   112  tasks.o(.text)
    xTaskCatchUpTicks                        0x08003079   Thumb Code    60  tasks.o(.text)
    vTaskPlaceOnEventList                    0x080030b5   Thumb Code    46  tasks.o(.text)
    vTaskPlaceOnUnorderedEventList           0x080030e3   Thumb Code    88  tasks.o(.text)
    xTaskRemoveFromEventList                 0x0800313b   Thumb Code   122  tasks.o(.text)
    vTaskRemoveFromUnorderedEventList        0x080031b5   Thumb Code   130  tasks.o(.text)
    vTaskSetTimeOutState                     0x08003237   Thumb Code    44  tasks.o(.text)
    vTaskInternalSetTimeOutState             0x08003263   Thumb Code    14  tasks.o(.text)
    xTaskCheckForTimeOut                     0x08003271   Thumb Code   120  tasks.o(.text)
    vTaskMissedYield                         0x080032e9   Thumb Code     8  tasks.o(.text)
    xTaskGetCurrentTaskHandle                0x080032f1   Thumb Code     6  tasks.o(.text)
    xTaskGetSchedulerState                   0x080032f7   Thumb Code    24  tasks.o(.text)
    uxTaskResetEventItemValue                0x0800330f   Thumb Code    24  tasks.o(.text)
    ulTaskNotifyTake                         0x08003327   Thumb Code   108  tasks.o(.text)
    xTaskNotifyWait                          0x08003393   Thumb Code   150  tasks.o(.text)
    xTaskGenericNotify                       0x08003429   Thumb Code   308  tasks.o(.text)
    xTaskGenericNotifyFromISR                0x0800355d   Thumb Code   316  tasks.o(.text)
    vTaskNotifyGiveFromISR                   0x08003699   Thumb Code   202  tasks.o(.text)
    xTaskNotifyStateClear                    0x08003763   Thumb Code    48  tasks.o(.text)
    ulTaskNotifyValueClear                   0x08003793   Thumb Code    46  tasks.o(.text)
    pxPortInitialiseStack                    0x0800380d   Thumb Code    30  port.o(.text)
    vPortSetupTimerInterrupt                 0x0800382b   Thumb Code    36  port.o(.text)
    xPortStartScheduler                      0x0800384f   Thumb Code   240  port.o(.text)
    vPortEndScheduler                        0x0800393f   Thumb Code    34  port.o(.text)
    vPortEnterCritical                       0x08003961   Thumb Code    70  port.o(.text)
    vPortExitCritical                        0x080039a7   Thumb Code    48  port.o(.text)
    xPortSysTickHandler                      0x080039d7   Thumb Code    48  port.o(.text)
    vPortValidateInterruptPriority           0x08003a07   Thumb Code    88  port.o(.text)
    pvPortMalloc                             0x08003b77   Thumb Code   272  heap_4.o(.text)
    vPortFree                                0x08003c87   Thumb Code   130  heap_4.o(.text)
    xPortGetFreeHeapSize                     0x08003d09   Thumb Code     6  heap_4.o(.text)
    xPortGetMinimumEverFreeHeapSize          0x08003d0f   Thumb Code     6  heap_4.o(.text)
    vPortInitialiseBlocks                    0x08003d15   Thumb Code     2  heap_4.o(.text)
    vPortGetHeapStats                        0x08003d17   Thumb Code   104  heap_4.o(.text)
    __aeabi_memcpy                           0x08003dd9   Thumb Code    36  memcpya.o(.text)
    __aeabi_memcpy4                          0x08003dd9   Thumb Code     0  memcpya.o(.text)
    __aeabi_memcpy8                          0x08003dd9   Thumb Code     0  memcpya.o(.text)
    __aeabi_uldivmod                         0x08003dfd   Thumb Code    98  uldiv.o(.text)
    __scatterload                            0x08003e61   Thumb Code    28  init.o(.text)
    __scatterload_rt2                        0x08003e61   Thumb Code     0  init.o(.text)
    __aeabi_llsl                             0x08003e85   Thumb Code    30  llshl.o(.text)
    _ll_shift_l                              0x08003e85   Thumb Code     0  llshl.o(.text)
    __aeabi_llsr                             0x08003ea3   Thumb Code    32  llushr.o(.text)
    _ll_ushift_r                             0x08003ea3   Thumb Code     0  llushr.o(.text)
    __0printf$5                              0x08003ec5   Thumb Code    22  printf5.o(i.__0printf$5)
    __1printf$5                              0x08003ec5   Thumb Code     0  printf5.o(i.__0printf$5)
    __2printf                                0x08003ec5   Thumb Code     0  printf5.o(i.__0printf$5)
    __scatterload_copy                       0x08003ee5   Thumb Code    14  handlers.o(i.__scatterload_copy)
    __scatterload_null                       0x08003ef3   Thumb Code     2  handlers.o(i.__scatterload_null)
    __scatterload_zeroinit                   0x08003ef5   Thumb Code    14  handlers.o(i.__scatterload_zeroinit)
    Region$$Table$$Base                      0x080041cc   Number         0  anon$$obj.o(Region$$Table)
    Region$$Table$$Limit                     0x080041ec   Number         0  anon$$obj.o(Region$$Table)
    SystemCoreClock                          0x20000000   Data           4  system_stm32f10x.o(.data)
    AHBPrescTable                            0x20000004   Data          16  system_stm32f10x.o(.data)
    Test_Queue                               0x20000028   Data           4  main.o(.data)
    pxCurrentTCB                             0x20000038   Data           4  tasks.o(.data)
    __stdout                                 0x200000a0   Data           4  stdout.o(.data)
    xQueueRegistry                           0x200000a4   Data          80  queue.o(.bss)
    __initial_sp                             0x200097d8   Data           0  startup_stm32f10x_hd.o(STACK)



==============================================================================

Memory Map of the image

  Image Entry point : 0x08000131

  Load Region LR_IROM1 (Base: 0x08000000, Size: 0x00004290, Max: 0x00040000, ABSOLUTE)

    Execution Region ER_IROM1 (Exec base: 0x08000000, Load base: 0x08000000, Size: 0x000041ec, Max: 0x00040000, ABSOLUTE)

    Exec Addr    Load Addr    Size         Type   Attr      Idx    E Section Name        Object

    0x08000000   0x08000000   0x00000130   Data   RO            3    RESET               startup_stm32f10x_hd.o
    0x08000130   0x08000130   0x00000000   Code   RO          745  * .ARM.Collect$$$$00000000  mc_w.l(entry.o)
    0x08000130   0x08000130   0x00000004   Code   RO         1017    .ARM.Collect$$$$00000001  mc_w.l(entry2.o)
    0x08000134   0x08000134   0x00000004   Code   RO         1020    .ARM.Collect$$$$00000004  mc_w.l(entry5.o)
    0x08000138   0x08000138   0x00000000   Code   RO         1022    .ARM.Collect$$$$00000008  mc_w.l(entry7b.o)
    0x08000138   0x08000138   0x00000000   Code   RO         1024    .ARM.Collect$$$$0000000A  mc_w.l(entry8b.o)
    0x08000138   0x08000138   0x00000008   Code   RO         1025    .ARM.Collect$$$$0000000B  mc_w.l(entry9a.o)
    0x08000140   0x08000140   0x00000000   Code   RO         1027    .ARM.Collect$$$$0000000D  mc_w.l(entry10a.o)
    0x08000140   0x08000140   0x00000000   Code   RO         1029    .ARM.Collect$$$$0000000F  mc_w.l(entry11a.o)
    0x08000140   0x08000140   0x00000004   Code   RO         1018    .ARM.Collect$$$$00002712  mc_w.l(entry2.o)
    0x08000144   0x08000144   0x00000096   Code   RO          700    .emb_text           port.o
    0x080001da   0x080001da   0x00000002   PAD
    0x080001dc   0x080001dc   0x00000024   Code   RO            4    .text               startup_stm32f10x_hd.o
    0x08000200   0x08000200   0x000001e0   Code   RO           24    .text               system_stm32f10x.o
    0x080003e0   0x080003e0   0x000000dc   Code   RO          121    .text               misc.o
    0x080004bc   0x080004bc   0x0000035c   Code   RO          269    .text               stm32f10x_gpio.o
    0x08000818   0x08000818   0x000003a4   Code   RO          317    .text               stm32f10x_rcc.o
    0x08000bbc   0x08000bbc   0x00000408   Code   RO          379    .text               stm32f10x_usart.o
    0x08000fc4   0x08000fc4   0x000002f0   Code   RO          403    .text               main.o
    0x080012b4   0x080012b4   0x00000018   Code   RO          468    .text               board.o
    0x080012cc   0x080012cc   0x00000024   Code   RO          480    .text               stm32f10x_it.o
    0x080012f0   0x080012f0   0x00000300   Code   RO          508    .text               bsp_usart.o
    0x080015f0   0x080015f0   0x00000024   Code   RO          520    .text               bsp_printf.o
    0x08001614   0x08001614   0x000000ac   Code   RO          532    .text               bsp_gpio.o
    0x080016c0   0x080016c0   0x00000094   Code   RO          596    .text               list.o
    0x08001754   0x08001754   0x00000c40   Code   RO          611    .text               queue.o
    0x08002394   0x08002394   0x00001448   Code   RO          663    .text               tasks.o
    0x080037dc   0x080037dc   0x000002d8   Code   RO          701    .text               port.o
    0x08003ab4   0x08003ab4   0x00000324   Code   RO          730    .text               heap_4.o
    0x08003dd8   0x08003dd8   0x00000024   Code   RO          748    .text               mc_w.l(memcpya.o)
    0x08003dfc   0x08003dfc   0x00000062   Code   RO         1034    .text               mc_w.l(uldiv.o)
    0x08003e5e   0x08003e5e   0x00000002   PAD
    0x08003e60   0x08003e60   0x00000024   Code   RO         1047    .text               mc_w.l(init.o)
    0x08003e84   0x08003e84   0x0000001e   Code   RO         1049    .text               mc_w.l(llshl.o)
    0x08003ea2   0x08003ea2   0x00000020   Code   RO         1051    .text               mc_w.l(llushr.o)
    0x08003ec2   0x08003ec2   0x00000002   PAD
    0x08003ec4   0x08003ec4   0x00000020   Code   RO          889    i.__0printf$5       mc_w.l(printf5.o)
    0x08003ee4   0x08003ee4   0x0000000e   Code   RO         1059    i.__scatterload_copy  mc_w.l(handlers.o)
    0x08003ef2   0x08003ef2   0x00000002   Code   RO         1060    i.__scatterload_null  mc_w.l(handlers.o)
    0x08003ef4   0x08003ef4   0x0000000e   Code   RO         1061    i.__scatterload_zeroinit  mc_w.l(handlers.o)
    0x08003f02   0x08003f02   0x00000002   PAD
    0x08003f04   0x08003f04   0x000002c0   Code   RO          896    i._printf_core      mc_w.l(printf5.o)
    0x080041c4   0x080041c4   0x00000007   Data   RO          404    .constdata          main.o
    0x080041cb   0x080041cb   0x00000001   PAD
    0x080041cc   0x080041cc   0x00000020   Data   RO         1057    Region$$Table       anon$$obj.o


    Execution Region RW_IRAM1 (Exec base: 0x20000000, Load base: 0x080041ec, Size: 0x000097d8, Max: 0x0000c000, ABSOLUTE)

    Exec Addr    Load Addr    Size         Type   Attr      Idx    E Section Name        Object

    0x20000000   0x080041ec   0x00000014   Data   RW           25    .data               system_stm32f10x.o
    0x20000014   0x08004200   0x00000014   Data   RW          318    .data               stm32f10x_rcc.o
    0x20000028   0x08004214   0x00000010   Data   RW          405    .data               main.o
    0x20000038   0x08004224   0x0000003c   Data   RW          665    .data               tasks.o
    0x20000074   0x08004260   0x0000000c   Data   RW          702    .data               port.o
    0x20000080   0x0800426c   0x00000020   Data   RW          732    .data               heap_4.o
    0x200000a0   0x0800428c   0x00000004   Data   RW         1031    .data               mc_w.l(stdout.o)
    0x200000a4        -       0x00000050   Zero   RW          612    .bss                queue.o
    0x200000f4        -       0x000002e4   Zero   RW          664    .bss                tasks.o
    0x200003d8        -       0x00009000   Zero   RW          731    .bss                heap_4.o
    0x200093d8        -       0x00000400   Zero   RW            1    STACK               startup_stm32f10x_hd.o


==============================================================================

Image component sizes


      Code (inc. data)   RO Data    RW Data    ZI Data      Debug   Object Name

        24          0          0          0          0        453   board.o
       172         14          0          0          0        972   bsp_gpio.o
        36          4          0          0          0        588   bsp_printf.o
       768         20          0          0          0       3720   bsp_usart.o
         0          0          0          0          0       4524   core_cm3.o
         0          0          0          0          0      10568   event_groups.o
       804         90          0         32      36864       3766   heap_4.o
       148          0          0          0          0       1890   list.o
       752        398          7         16          0      16060   main.o
       220         22          0          0          0       1837   misc.o
       878         98          0         12          0       7707   port.o
      3136         58          0          0         80      15804   queue.o
        36          8        304          0       1024        872   startup_stm32f10x_hd.o
       860         38          0          0          0       5765   stm32f10x_gpio.o
        36          0          0          0          0       1127   stm32f10x_it.o
       932         36          0         20          0       8956   stm32f10x_rcc.o
      1032         22          0          0          0       8496   stm32f10x_usart.o
       480         38          0         20          0     230003   system_stm32f10x.o
      5192        344          0         60        740      29040   tasks.o

    ----------------------------------------------------------------------
     15508       1190        344        160      38708     352148   Object Totals
         0          0         32          0          0          0   (incl. Generated)
         2          0          1          0          0          0   (incl. Padding)

    ----------------------------------------------------------------------

      Code (inc. data)   RO Data    RW Data    ZI Data      Debug   Library Member Name

         0          0          0          0          0          0   entry.o
         0          0          0          0          0          0   entry10a.o
         0          0          0          0          0          0   entry11a.o
         8          4          0          0          0          0   entry2.o
         4          0          0          0          0          0   entry5.o
         0          0          0          0          0          0   entry7b.o
         0          0          0          0          0          0   entry8b.o
         8          4          0          0          0          0   entry9a.o
        30          0          0          0          0          0   handlers.o
        36          8          0          0          0         68   init.o
        30          0          0          0          0         68   llshl.o
        32          0          0          0          0         68   llushr.o
        36          0          0          0          0         68   memcpya.o
       736         56          0          0          0        184   printf5.o
         0          0          0          4          0          0   stdout.o
        98          0          0          0          0         92   uldiv.o

    ----------------------------------------------------------------------
      1024         72          0          4          0        548   Library Totals
         6          0          0          0          0          0   (incl. Padding)

    ----------------------------------------------------------------------

      Code (inc. data)   RO Data    RW Data    ZI Data      Debug   Library Name

      1018         72          0          4          0        548   mc_w.l

    ----------------------------------------------------------------------
      1024         72          0          4          0        548   Library Totals

    ----------------------------------------------------------------------

==============================================================================


      Code (inc. data)   RO Data    RW Data    ZI Data      Debug   

     16532       1262        344        164      38708     351132   Grand Totals
     16532       1262        344        164      38708     351132   ELF Image Totals
     16532       1262        344        164          0          0   ROM Totals

==============================================================================

    Total RO  Size (Code + RO Data)                16876 (  16.48kB)
    Total RW  Size (RW Data + ZI Data)             38872 (  37.96kB)
    Total ROM Size (Code + RO Data + RW Data)      17040 (  16.64kB)

==============================================================================

